{
    "path": "myfixturewiki_myidxsuffix\/_bulk",
    "method": "POST",
    "data": [
        [
            {
                "update": {
                    "_id": "1"
                }
            },
            {
                "script": {
                    "source": "super_detect_noop",
                    "params": {
                        "source": {
                            "weighted_tags": [
                                "my_custom_prefix\/my_tag_1|750",
                                "my_custom_prefix\/my_tag_2|800",
                                "my_custom_prefix\/my_tag_3|900"
                            ]
                        },
                        "handlers": {
                            "weighted_tags": "multilist"
                        },
                        "_id": "1"
                    },
                    "lang": "super_detect_noop"
                }
            },
            {
                "update": {
                    "_id": "2"
                }
            },
            {
                "script": {
                    "source": "super_detect_noop",
                    "params": {
                        "source": {
                            "weighted_tags": [
                                "my_custom_prefix\/my_tag_1|950",
                                "my_custom_prefix\/my_tag_2|1000"
                            ]
                        },
                        "handlers": {
                            "weighted_tags": "multilist"
                        },
                        "_id": "2"
                    },
                    "lang": "super_detect_noop"
                }
            }
        ],
        [
            {
                "update": {
                    "_id": "5"
                }
            },
            {
                "script": {
                    "source": "super_detect_noop",
                    "params": {
                        "source": {
                            "weighted_tags": [
                                "my_custom_prefix\/my_tag_1|500",
                                "my_custom_prefix\/my_tag_2|600"
                            ]
                        },
                        "handlers": {
                            "weighted_tags": "multilist"
                        },
                        "_id": "5"
                    },
                    "lang": "super_detect_noop"
                }
            }
        ]
    ],
    "params": [],
    "contentType": "application\/x-ndjson"
}
