{
    "analyzer": {
        "keyword": {
            "filter": [
                "truncate_keyword"
            ],
            "tokenizer": "no_splitting",
            "type": "custom"
        },
        "lowercase_keyword": {
            "filter": [
                "truncate_keyword",
                "icu_normalizer",
                "icu_folding",
                "remove_empty"
            ],
            "tokenizer": "no_splitting",
            "type": "custom"
        },
        "near_match": {
            "char_filter": [
                "near_space_flattener"
            ],
            "filter": [
                "icu_normalizer"
            ],
            "tokenizer": "no_splitting",
            "type": "custom"
        },
        "near_match_asciifolding": {
            "char_filter": [
                "near_space_flattener"
            ],
            "filter": [
                "truncate_keyword",
                "icu_normalizer",
                "icu_folding",
                "remove_empty"
            ],
            "tokenizer": "no_splitting",
            "type": "custom"
        },
        "plain": {
            "char_filter": [
                "nnbsp_norm",
                "word_break_helper"
            ],
            "filter": [
                "icu_normalizer",
                "preserve_original_recorder",
                "icu_folding",
                "preserve_original",
                "remove_empty"
            ],
            "tokenizer": "icu_tokenizer",
            "type": "custom"
        },
        "plain_search": {
            "char_filter": [
                "nnbsp_norm",
                "word_break_helper"
            ],
            "filter": [
                "icu_normalizer"
            ],
            "tokenizer": "icu_tokenizer",
            "type": "custom"
        },
        "prefix": {
            "char_filter": [
                "near_space_flattener"
            ],
            "filter": [
                "icu_normalizer"
            ],
            "tokenizer": "prefix",
            "type": "custom"
        },
        "prefix_asciifolding": {
            "char_filter": [
                "near_space_flattener"
            ],
            "filter": [
                "icu_normalizer",
                "icu_folding",
                "remove_empty"
            ],
            "tokenizer": "prefix",
            "type": "custom"
        },
        "short_text": {
            "filter": [
                "icu_normalizer",
                "aggressive_splitting",
                "preserve_original_recorder",
                "icu_folding",
                "preserve_original",
                "remove_empty"
            ],
            "tokenizer": "whitespace",
            "type": "custom"
        },
        "short_text_search": {
            "filter": [
                "icu_normalizer",
                "aggressive_splitting"
            ],
            "tokenizer": "whitespace",
            "type": "custom"
        },
        "source_text_plain": {
            "char_filter": [
                "word_break_helper_source_text"
            ],
            "filter": [
                "icu_normalizer"
            ],
            "tokenizer": "icu_tokenizer",
            "type": "custom"
        },
        "source_text_plain_search": {
            "char_filter": [
                "word_break_helper_source_text"
            ],
            "filter": [
                "icu_normalizer"
            ],
            "tokenizer": "icu_tokenizer",
            "type": "custom"
        },
        "suggest": {
            "filter": [
                "icu_normalizer",
                "suggest_shingle"
            ],
            "tokenizer": "icu_tokenizer",
            "type": "custom"
        },
        "suggest_reverse": {
            "filter": [
                "icu_normalizer",
                "suggest_shingle",
                "reverse"
            ],
            "tokenizer": "icu_tokenizer",
            "type": "custom"
        },
        "text": {
            "char_filter": [
                "globo_norm",
                "regex_acronym_fixer",
                "regex_camelCase",
                "word_break_helper",
                "arabic_extended_norm",
                "sudachi_combo_filter",
                "sudachi_char_map"
            ],
            "filter": [
                "sudachi_split",
                "sudachi_baseform",
                "sudachi_posfilter",
                "sudachi_ja_stop",
                "icu_normalizer",
                "icu_folding",
                "remove_empty",
                "sudachi_word_delim"
            ],
            "tokenizer": "sudachi_tok",
            "type": "custom"
        },
        "text_search": {
            "char_filter": [
                "globo_norm",
                "regex_acronym_fixer",
                "regex_camelCase",
                "word_break_helper",
                "arabic_extended_norm",
                "sudachi_combo_filter",
                "sudachi_char_map"
            ],
            "filter": [
                "sudachi_split",
                "sudachi_baseform",
                "sudachi_posfilter",
                "sudachi_ja_stop",
                "icu_normalizer",
                "icu_folding",
                "remove_empty",
                "sudachi_word_delim"
            ],
            "tokenizer": "sudachi_tok",
            "type": "custom"
        },
        "token_reverse": {
            "filter": [
                "reverse"
            ],
            "tokenizer": "no_splitting",
            "type": "custom"
        },
        "trigram": {
            "filter": [
                "icu_normalizer"
            ],
            "tokenizer": "trigram",
            "type": "custom"
        },
        "word_prefix": {
            "filter": [
                "icu_normalizer",
                "prefix_ngram_filter"
            ],
            "tokenizer": "icu_tokenizer",
            "type": "custom"
        }
    },
    "char_filter": {
        "arabic_extended_norm": {
            "type": "mapping",
            "mappings": [
                "\\uFB8E=>\\u0643",
                "\\uFB8F=>\\u0643",
                "\\uFB90=>\\u0643",
                "\\uFB91=>\\u0643",
                "\\u06A9=>\\u0643",
                "\\u06AA=>\\u0643",
                "\\uFEDB=>\\u0643",
                "\\uFEDC=>\\u0643",
                "\\uFED9=>\\u0643",
                "\\uFEDA=>\\u0643",
                "\\uFBFC=>\\u064A",
                "\\uFBFD=>\\u064A",
                "\\uFBFE=>\\u064A",
                "\\uFBFF=>\\u064A",
                "\\u06CC=>\\u064A",
                "\\uFBE8=>\\u064A",
                "\\uFBE9=>\\u064A",
                "\\uFEEF=>\\u064A",
                "\\uFEF0=>\\u064A",
                "\\u0649=>\\u064A",
                "\\u06CD=>\\u064A",
                "\\uFBE4=>\\u064A",
                "\\uFBE5=>\\u064A",
                "\\uFBE6=>\\u064A",
                "\\uFBE7=>\\u064A",
                "\\u06D0=>\\u064A",
                "\\uFBA6=>\\u0647",
                "\\uFBA7=>\\u0647",
                "\\uFBA8=>\\u0647",
                "\\uFBA9=>\\u0647",
                "\\u06C1=>\\u0647",
                "\\u06C0=>\\u0647",
                "\\uFBA4=>\\u0647",
                "\\uFBA5=>\\u0647",
                "\\u06D5=>\\u0647"
            ]
        },
        "dotted_I_fix": {
            "type": "mapping",
            "mappings": [
                "\u0130=>I"
            ]
        },
        "globo_norm": {
            "type": "mapping",
            "mappings": [
                "`=>'",
                "\u00b4=>'",
                "\u02b9=>'",
                "\u02bb=>'",
                "\u02bc=>'",
                "\u02bd=>'",
                "\u02be=>'",
                "\u02bf=>'",
                "\u02cb=>'",
                "\u055a=>'",
                "\\u05F3=>'",
                "\u2018=>'",
                "\u2019=>'",
                "\u201b=>'",
                "\u2032=>'",
                "\u2035=>'",
                "\ua78c=>'",
                "\uff07=>'",
                "\uff40=>'",
                "\\u202F=>\\u0020",
                "\u02c8=>",
                "\u02cc=>",
                "\\u0640=>",
                "\u066c=>,",
                "\u060c=>,",
                "\u055b=>",
                "\u055c=>",
                "\u055e=>",
                "\u00b5=>\u03bc",
                "\\u05F0=>\\u05D5\\u05D5",
                "\\u05F1=>\\u05D5\\u05D9",
                "\\u05F2=>\\u05D9\\u05D9",
                "\\uFB1F=>\\u05D9\\u05D9\\u05B7",
                "\\u05D9\\u05B7\\u05D9=>\\u05D9\\u05D9\\u05B7",
                "\u0d23\u0d4d\\u200D=>\u0d7a",
                "\u0d28\u0d4d\\u200D=>\u0d7b",
                "\u0d30\u0d4d\\u200D=>\u0d7c",
                "\u0d32\u0d4d\\u200D=>\u0d7d",
                "\u0d33\u0d4d\\u200D=>\u0d7e",
                "\u09a4\u09cd\\u200D=>\u09ce"
            ]
        },
        "icu_normalizer": {
            "type": "icu_normalizer",
            "name": "nfkc_cf"
        },
        "near_space_flattener": {
            "type": "mapping",
            "mappings": [
                "'=>\\u0020",
                "\\u2019=>\\u0020",
                "\\u02BC=>\\u0020",
                "_=>\\u0020",
                "-=>\\u0020"
            ]
        },
        "nnbsp_norm": {
            "type": "mapping",
            "mappings": [
                "\\u202F=>\\u0020"
            ]
        },
        "regex_acronym_fixer": {
            "type": "pattern_replace",
            "pattern": "(?<=(?:^|\\P{L})\\p{L})[.\uff0e](\\p{L})(?=\\P{L}|$)",
            "replacement": "$1"
        },
        "regex_camelCase": {
            "type": "pattern_replace",
            "pattern": "(\\p{Ll}[\\p{M}\\p{Cf}]*)([\\p{Lu}\\p{Lt}])",
            "replacement": "$1 $2"
        },
        "sudachi_char_map": {
            "type": "mapping",
            "mappings": [
                "\uff08=>\\u0020",
                "\uff09=>\\u0020",
                "\u301c=>\uff5e"
            ]
        },
        "sudachi_combo_filter": {
            "type": "pattern_replace",
            "pattern": "[\\u0300-\\u0362]",
            "replacement": ""
        },
        "word_break_helper": {
            "type": "mapping",
            "mappings": [
                "_=>\\u0020",
                ":=>\\u0020",
                ".=>\\u0020",
                "(=>\\u0020",
                ")=>\\u0020",
                "\uff0e=>\\u0020",
                "\uff3f=>\\u0020",
                "\uff1a=>\\u0020",
                "\u00b7=>\\u0020"
            ]
        },
        "word_break_helper_source_text": {
            "type": "mapping",
            "mappings": [
                "_=>\\u0020",
                ".=>\\u0020",
                "(=>\\u0020",
                ")=>\\u0020",
                ":=>\\u0020"
            ]
        }
    },
    "filter": {
        "aggressive_splitting": {
            "type": "word_delimiter_graph",
            "stem_english_possessive": false,
            "preserve_original": false
        },
        "asciifolding": {
            "type": "asciifolding",
            "preserve_original": false
        },
        "asciifolding_preserve": {
            "type": "asciifolding",
            "preserve_original": true
        },
        "icu_folding": {
            "type": "icu_folding",
            "unicodeSetFilter": "[^\u304c-\u30fe]"
        },
        "icu_nfkc_normalization": {
            "type": "icu_normalizer",
            "name": "nfkc"
        },
        "icu_normalizer": {
            "type": "icu_normalizer",
            "name": "nfkc_cf"
        },
        "lowercase": {
            "type": "lowercase"
        },
        "prefix_ngram_filter": {
            "type": "edgeNGram",
            "max_gram": 255
        },
        "remove_empty": {
            "type": "length",
            "min": 1
        },
        "sudachi_posfilter": {
            "type": "sudachi_part_of_speech",
            "stoptags": [
                "\u63a5\u7d9a\u8a5e",
                "\u52a9\u52d5\u8a5e",
                "\u52a9\u8a5e",
                "\u52a9\u8a5e,\u683c\u52a9\u8a5e",
                "\u52a9\u8a5e,\u526f\u52a9\u8a5e",
                "\u52a9\u8a5e,\u4fc2\u52a9\u8a5e",
                "\u52a9\u8a5e,\u63a5\u7d9a\u52a9\u8a5e",
                "\u52a9\u8a5e,\u7d42\u52a9\u8a5e",
                "\u52a9\u8a5e,\u6e96\u4f53\u52a9\u8a5e",
                "\u88dc\u52a9\u8a18\u53f7,\u53e5\u70b9",
                "\u88dc\u52a9\u8a18\u53f7,\u8aad\u70b9",
                "\u88dc\u52a9\u8a18\u53f7,\u62ec\u5f27\u958b",
                "\u88dc\u52a9\u8a18\u53f7,\u62ec\u5f27\u9589",
                "\u88dc\u52a9\u8a18\u53f7,\uff21\uff21",
                "\u88dc\u52a9\u8a18\u53f7,\uff21\uff21,\u4e00\u822c",
                "\u88dc\u52a9\u8a18\u53f7,\uff21\uff21,\u9854\u6587\u5b57",
                "\u7a7a\u767d"
            ]
        },
        "sudachi_word_delim": {
            "type": "word_delimiter_graph",
            "split_on_case_change": false,
            "stem_english_possessive": true
        },
        "suggest_shingle": {
            "type": "shingle",
            "min_shingle_size": 2,
            "max_shingle_size": 3,
            "output_unigrams": true
        },
        "truncate_keyword": {
            "type": "truncate",
            "length": 5000
        }
    },
    "tokenizer": {
        "no_splitting": {
            "type": "keyword"
        },
        "prefix": {
            "type": "edgeNGram",
            "max_gram": 255
        },
        "sudachi_tok": {
            "type": "sudachi_tokenizer",
            "split_mode": "B"
        },
        "trigram": {
            "type": "nGram",
            "min_gram": 3,
            "max_gram": 3
        }
    }
}