{
    "analyzer": {
        "bg_plain": {
            "char_filter": [
                "nnbsp_norm",
                "word_break_helper"
            ],
            "filter": [
                "icu_normalizer",
                "preserve_original_recorder",
                "bg_icu_folding",
                "preserve_original",
                "remove_empty"
            ],
            "tokenizer": "standard",
            "type": "custom"
        },
        "bg_plain_search": {
            "char_filter": [
                "nnbsp_norm",
                "word_break_helper"
            ],
            "filter": [
                "icu_normalizer"
            ],
            "tokenizer": "standard",
            "type": "custom"
        },
        "bg_text": {
            "char_filter": [
                "globo_norm",
                "regex_acronym_fixer",
                "regex_camelCase",
                "word_break_helper",
                "arabic_extended_norm"
            ],
            "filter": [
                "icu_normalizer",
                "bulgarian_stop",
                "bulgarian_stemmer",
                "bg_icu_folding",
                "remove_empty"
            ],
            "tokenizer": "standard",
            "type": "custom"
        },
        "bg_text_search": {
            "char_filter": [
                "globo_norm",
                "regex_acronym_fixer",
                "regex_camelCase",
                "word_break_helper",
                "arabic_extended_norm"
            ],
            "filter": [
                "icu_normalizer",
                "bulgarian_stop",
                "bulgarian_stemmer",
                "bg_icu_folding",
                "remove_empty"
            ],
            "tokenizer": "standard",
            "type": "custom"
        },
        "bo_plain": {
            "char_filter": [
                "nnbsp_norm",
                "word_break_helper"
            ],
            "filter": [
                "icu_normalizer"
            ],
            "tokenizer": "icu_tokenizer",
            "type": "custom"
        },
        "bo_plain_search": {
            "char_filter": [
                "nnbsp_norm",
                "word_break_helper"
            ],
            "filter": [
                "icu_normalizer"
            ],
            "tokenizer": "icu_tokenizer",
            "type": "custom"
        },
        "bo_text": {
            "char_filter": [
                "globo_norm",
                "regex_acronym_fixer",
                "regex_camelCase",
                "word_break_helper",
                "dotted_I_fix",
                "arabic_extended_norm"
            ],
            "filter": [
                "icu_normalizer"
            ],
            "tokenizer": "icu_tokenizer",
            "type": "custom"
        },
        "bo_text_search": {
            "char_filter": [
                "globo_norm",
                "regex_acronym_fixer",
                "regex_camelCase",
                "word_break_helper",
                "dotted_I_fix",
                "arabic_extended_norm"
            ],
            "filter": [
                "icu_normalizer"
            ],
            "tokenizer": "icu_tokenizer",
            "type": "custom"
        },
        "bug_plain": {
            "char_filter": [
                "nnbsp_norm",
                "word_break_helper"
            ],
            "filter": [
                "icu_normalizer"
            ],
            "tokenizer": "icu_tokenizer",
            "type": "custom"
        },
        "bug_plain_search": {
            "char_filter": [
                "nnbsp_norm",
                "word_break_helper"
            ],
            "filter": [
                "icu_normalizer"
            ],
            "tokenizer": "icu_tokenizer",
            "type": "custom"
        },
        "bug_text": {
            "char_filter": [
                "globo_norm",
                "regex_acronym_fixer",
                "regex_camelCase",
                "word_break_helper",
                "dotted_I_fix",
                "arabic_extended_norm"
            ],
            "filter": [
                "icu_normalizer"
            ],
            "tokenizer": "icu_tokenizer",
            "type": "custom"
        },
        "bug_text_search": {
            "char_filter": [
                "globo_norm",
                "regex_acronym_fixer",
                "regex_camelCase",
                "word_break_helper",
                "dotted_I_fix",
                "arabic_extended_norm"
            ],
            "filter": [
                "icu_normalizer"
            ],
            "tokenizer": "icu_tokenizer",
            "type": "custom"
        },
        "cdo_plain": {
            "char_filter": [
                "nnbsp_norm",
                "word_break_helper"
            ],
            "filter": [
                "icu_normalizer"
            ],
            "tokenizer": "icu_tokenizer",
            "type": "custom"
        },
        "cdo_plain_search": {
            "char_filter": [
                "nnbsp_norm",
                "word_break_helper"
            ],
            "filter": [
                "icu_normalizer"
            ],
            "tokenizer": "icu_tokenizer",
            "type": "custom"
        },
        "cdo_text": {
            "char_filter": [
                "globo_norm",
                "regex_acronym_fixer",
                "regex_camelCase",
                "word_break_helper",
                "dotted_I_fix",
                "arabic_extended_norm"
            ],
            "filter": [
                "icu_normalizer"
            ],
            "tokenizer": "icu_tokenizer",
            "type": "custom"
        },
        "cdo_text_search": {
            "char_filter": [
                "globo_norm",
                "regex_acronym_fixer",
                "regex_camelCase",
                "word_break_helper",
                "dotted_I_fix",
                "arabic_extended_norm"
            ],
            "filter": [
                "icu_normalizer"
            ],
            "tokenizer": "icu_tokenizer",
            "type": "custom"
        },
        "cjk_plain": {
            "char_filter": [
                "nnbsp_norm",
                "word_break_helper"
            ],
            "filter": [
                "icu_normalizer"
            ],
            "tokenizer": "standard",
            "type": "custom"
        },
        "cjk_plain_search": {
            "char_filter": [
                "nnbsp_norm",
                "word_break_helper"
            ],
            "filter": [
                "icu_normalizer"
            ],
            "tokenizer": "standard",
            "type": "custom"
        },
        "cjk_text": {
            "char_filter": [
                "globo_norm",
                "regex_acronym_fixer",
                "regex_camelCase",
                "word_break_helper",
                "dotted_I_fix",
                "arabic_extended_norm"
            ],
            "filter": [
                "icu_normalizer"
            ],
            "tokenizer": "standard",
            "type": "custom"
        },
        "cjk_text_search": {
            "char_filter": [
                "globo_norm",
                "regex_acronym_fixer",
                "regex_camelCase",
                "word_break_helper",
                "dotted_I_fix",
                "arabic_extended_norm"
            ],
            "filter": [
                "icu_normalizer"
            ],
            "tokenizer": "standard",
            "type": "custom"
        },
        "cs_plain": {
            "char_filter": [
                "nnbsp_norm",
                "word_break_helper"
            ],
            "filter": [
                "icu_normalizer",
                "preserve_original_recorder",
                "icu_folding",
                "preserve_original",
                "remove_empty"
            ],
            "tokenizer": "standard",
            "type": "custom"
        },
        "cs_plain_search": {
            "char_filter": [
                "nnbsp_norm",
                "word_break_helper"
            ],
            "filter": [
                "icu_normalizer"
            ],
            "tokenizer": "standard",
            "type": "custom"
        },
        "cs_text": {
            "char_filter": [
                "globo_norm",
                "regex_acronym_fixer",
                "regex_camelCase",
                "word_break_helper",
                "arabic_extended_norm"
            ],
            "filter": [
                "icu_normalizer",
                "czech_stop",
                "czech_stemmer",
                "icu_folding",
                "remove_empty"
            ],
            "tokenizer": "standard",
            "type": "custom"
        },
        "cs_text_search": {
            "char_filter": [
                "globo_norm",
                "regex_acronym_fixer",
                "regex_camelCase",
                "word_break_helper",
                "arabic_extended_norm"
            ],
            "filter": [
                "icu_normalizer",
                "czech_stop",
                "czech_stemmer",
                "icu_folding",
                "remove_empty"
            ],
            "tokenizer": "standard",
            "type": "custom"
        },
        "de_plain": {
            "char_filter": [
                "nnbsp_norm",
                "word_break_helper",
                "german_charfilter"
            ],
            "filter": [
                "de_icu_normalizer",
                "preserve_original_recorder",
                "de_icu_folding",
                "preserve_original",
                "remove_empty"
            ],
            "tokenizer": "standard",
            "type": "custom"
        },
        "de_plain_search": {
            "char_filter": [
                "nnbsp_norm",
                "word_break_helper",
                "german_charfilter"
            ],
            "filter": [
                "de_icu_normalizer"
            ],
            "tokenizer": "standard",
            "type": "custom"
        },
        "de_text": {
            "char_filter": [
                "globo_norm",
                "regex_acronym_fixer",
                "regex_camelCase",
                "word_break_helper",
                "arabic_extended_norm",
                "german_charfilter"
            ],
            "filter": [
                "de_icu_normalizer",
                "german_stop",
                "german_normalization",
                "german_stemmer",
                "de_icu_folding",
                "remove_empty"
            ],
            "tokenizer": "standard",
            "type": "custom"
        },
        "de_text_search": {
            "char_filter": [
                "globo_norm",
                "regex_acronym_fixer",
                "regex_camelCase",
                "word_break_helper",
                "arabic_extended_norm",
                "german_charfilter"
            ],
            "filter": [
                "de_icu_normalizer",
                "german_stop",
                "german_normalization",
                "german_stemmer",
                "de_icu_folding",
                "remove_empty"
            ],
            "tokenizer": "standard",
            "type": "custom"
        },
        "en_plain": {
            "char_filter": [
                "nnbsp_norm",
                "word_break_helper"
            ],
            "filter": [
                "icu_normalizer",
                "preserve_original_recorder",
                "icu_folding",
                "preserve_original",
                "remove_empty"
            ],
            "tokenizer": "standard",
            "type": "custom"
        },
        "en_plain_search": {
            "char_filter": [
                "nnbsp_norm",
                "word_break_helper"
            ],
            "filter": [
                "icu_normalizer"
            ],
            "tokenizer": "standard",
            "type": "custom"
        },
        "en_text": {
            "char_filter": [
                "globo_norm",
                "regex_acronym_fixer",
                "regex_camelCase",
                "word_break_helper",
                "arabic_extended_norm"
            ],
            "filter": [
                "possessive_english",
                "icu_normalizer",
                "stop",
                "icu_folding",
                "remove_empty",
                "kstem",
                "custom_stem"
            ],
            "tokenizer": "standard",
            "type": "custom"
        },
        "en_text_search": {
            "char_filter": [
                "globo_norm",
                "regex_acronym_fixer",
                "regex_camelCase",
                "word_break_helper",
                "arabic_extended_norm"
            ],
            "filter": [
                "possessive_english",
                "icu_normalizer",
                "stop",
                "icu_folding",
                "remove_empty",
                "kstem",
                "custom_stem"
            ],
            "tokenizer": "standard",
            "type": "custom"
        },
        "fr_plain": {
            "char_filter": [
                "nnbsp_norm",
                "word_break_helper"
            ],
            "filter": [
                "icu_normalizer",
                "preserve_original_recorder",
                "icu_folding",
                "preserve_original",
                "remove_empty"
            ],
            "tokenizer": "standard",
            "type": "custom"
        },
        "fr_plain_search": {
            "char_filter": [
                "nnbsp_norm",
                "word_break_helper"
            ],
            "filter": [
                "icu_normalizer"
            ],
            "tokenizer": "standard",
            "type": "custom"
        },
        "fr_text": {
            "char_filter": [
                "globo_norm",
                "regex_acronym_fixer",
                "regex_camelCase",
                "word_break_helper",
                "arabic_extended_norm",
                "french_charfilter"
            ],
            "filter": [
                "french_elision",
                "icu_normalizer",
                "french_stop",
                "french_stemmer",
                "icu_folding",
                "remove_empty"
            ],
            "tokenizer": "standard",
            "type": "custom"
        },
        "fr_text_search": {
            "char_filter": [
                "globo_norm",
                "regex_acronym_fixer",
                "regex_camelCase",
                "word_break_helper",
                "arabic_extended_norm",
                "french_charfilter"
            ],
            "filter": [
                "french_elision",
                "icu_normalizer",
                "french_stop",
                "french_stemmer",
                "icu_folding",
                "remove_empty"
            ],
            "tokenizer": "standard",
            "type": "custom"
        },
        "ja_plain": {
            "char_filter": [
                "nnbsp_norm",
                "word_break_helper"
            ],
            "filter": [
                "icu_normalizer",
                "preserve_original_recorder",
                "ja_icu_folding",
                "preserve_original",
                "remove_empty"
            ],
            "tokenizer": "icu_tokenizer",
            "type": "custom"
        },
        "ja_plain_search": {
            "char_filter": [
                "nnbsp_norm",
                "word_break_helper"
            ],
            "filter": [
                "icu_normalizer"
            ],
            "tokenizer": "icu_tokenizer",
            "type": "custom"
        },
        "ja_text": {
            "char_filter": [
                "globo_norm",
                "regex_acronym_fixer",
                "regex_camelCase",
                "word_break_helper",
                "arabic_extended_norm",
                "cjk_charfilter"
            ],
            "filter": [
                "cjk_width",
                "icu_normalizer",
                "cjk_bigram",
                "cjk_stop",
                "ja_icu_folding",
                "remove_empty"
            ],
            "tokenizer": "standard",
            "type": "custom"
        },
        "ja_text_search": {
            "char_filter": [
                "globo_norm",
                "regex_acronym_fixer",
                "regex_camelCase",
                "word_break_helper",
                "arabic_extended_norm",
                "cjk_charfilter"
            ],
            "filter": [
                "cjk_width",
                "icu_normalizer",
                "cjk_bigram",
                "cjk_stop",
                "ja_icu_folding",
                "remove_empty"
            ],
            "tokenizer": "standard",
            "type": "custom"
        },
        "jv_plain": {
            "char_filter": [
                "nnbsp_norm",
                "word_break_helper"
            ],
            "filter": [
                "icu_normalizer"
            ],
            "tokenizer": "icu_tokenizer",
            "type": "custom"
        },
        "jv_plain_search": {
            "char_filter": [
                "nnbsp_norm",
                "word_break_helper"
            ],
            "filter": [
                "icu_normalizer"
            ],
            "tokenizer": "icu_tokenizer",
            "type": "custom"
        },
        "jv_text": {
            "char_filter": [
                "globo_norm",
                "regex_acronym_fixer",
                "regex_camelCase",
                "word_break_helper",
                "dotted_I_fix",
                "arabic_extended_norm"
            ],
            "filter": [
                "icu_normalizer"
            ],
            "tokenizer": "icu_tokenizer",
            "type": "custom"
        },
        "jv_text_search": {
            "char_filter": [
                "globo_norm",
                "regex_acronym_fixer",
                "regex_camelCase",
                "word_break_helper",
                "dotted_I_fix",
                "arabic_extended_norm"
            ],
            "filter": [
                "icu_normalizer"
            ],
            "tokenizer": "icu_tokenizer",
            "type": "custom"
        },
        "sv_plain": {
            "char_filter": [
                "nnbsp_norm",
                "word_break_helper"
            ],
            "filter": [
                "icu_normalizer",
                "preserve_original_recorder",
                "sv_icu_folding",
                "preserve_original",
                "remove_empty"
            ],
            "tokenizer": "standard",
            "type": "custom"
        },
        "sv_plain_search": {
            "char_filter": [
                "nnbsp_norm",
                "word_break_helper"
            ],
            "filter": [
                "icu_normalizer"
            ],
            "tokenizer": "standard",
            "type": "custom"
        },
        "sv_text": {
            "char_filter": [
                "globo_norm",
                "regex_acronym_fixer",
                "regex_camelCase",
                "word_break_helper",
                "arabic_extended_norm"
            ],
            "filter": [
                "icu_normalizer",
                "swedish_stop",
                "swedish_stemmer",
                "sv_icu_folding",
                "remove_empty"
            ],
            "tokenizer": "standard",
            "type": "custom"
        },
        "sv_text_search": {
            "char_filter": [
                "globo_norm",
                "regex_acronym_fixer",
                "regex_camelCase",
                "word_break_helper",
                "arabic_extended_norm"
            ],
            "filter": [
                "icu_normalizer",
                "swedish_stop",
                "swedish_stemmer",
                "sv_icu_folding",
                "remove_empty"
            ],
            "tokenizer": "standard",
            "type": "custom"
        },
        "th_plain": {
            "char_filter": [
                "nnbsp_norm",
                "word_break_helper"
            ],
            "filter": [
                "icu_normalizer",
                "preserve_original_recorder",
                "th_icu_folding",
                "preserve_original",
                "remove_empty"
            ],
            "tokenizer": "icu_tokenizer",
            "type": "custom"
        },
        "th_plain_search": {
            "char_filter": [
                "nnbsp_norm",
                "word_break_helper"
            ],
            "filter": [
                "icu_normalizer"
            ],
            "tokenizer": "icu_tokenizer",
            "type": "custom"
        },
        "th_text": {
            "char_filter": [
                "globo_norm",
                "regex_acronym_fixer",
                "regex_camelCase",
                "word_break_helper",
                "arabic_extended_norm",
                "thai_repl_pat",
                "thai_charfilter"
            ],
            "filter": [
                "icu_normalizer",
                "decimal_digit",
                "thai_stop",
                "th_icu_folding",
                "remove_empty"
            ],
            "tokenizer": "icu_tokenizer",
            "type": "custom"
        },
        "th_text_search": {
            "char_filter": [
                "globo_norm",
                "regex_acronym_fixer",
                "regex_camelCase",
                "word_break_helper",
                "arabic_extended_norm",
                "thai_repl_pat",
                "thai_charfilter"
            ],
            "filter": [
                "icu_normalizer",
                "decimal_digit",
                "thai_stop",
                "th_icu_folding",
                "remove_empty"
            ],
            "tokenizer": "icu_tokenizer",
            "type": "custom"
        },
        "wuu_plain": {
            "char_filter": [
                "nnbsp_norm",
                "word_break_helper"
            ],
            "filter": [
                "icu_normalizer"
            ],
            "tokenizer": "icu_tokenizer",
            "type": "custom"
        },
        "wuu_plain_search": {
            "char_filter": [
                "nnbsp_norm",
                "word_break_helper"
            ],
            "filter": [
                "icu_normalizer"
            ],
            "tokenizer": "icu_tokenizer",
            "type": "custom"
        },
        "wuu_text": {
            "char_filter": [
                "globo_norm",
                "regex_acronym_fixer",
                "regex_camelCase",
                "word_break_helper",
                "dotted_I_fix",
                "arabic_extended_norm"
            ],
            "filter": [
                "icu_normalizer"
            ],
            "tokenizer": "icu_tokenizer",
            "type": "custom"
        },
        "wuu_text_search": {
            "char_filter": [
                "globo_norm",
                "regex_acronym_fixer",
                "regex_camelCase",
                "word_break_helper",
                "dotted_I_fix",
                "arabic_extended_norm"
            ],
            "filter": [
                "icu_normalizer"
            ],
            "tokenizer": "icu_tokenizer",
            "type": "custom"
        },
        "zh_plain": {
            "char_filter": [
                "nnbsp_norm",
                "word_break_helper"
            ],
            "filter": [
                "smartcn_stop",
                "icu_normalizer",
                "preserve_original_recorder",
                "icu_folding",
                "preserve_original",
                "remove_empty"
            ],
            "tokenizer": "icu_tokenizer",
            "type": "custom"
        },
        "zh_plain_search": {
            "char_filter": [
                "nnbsp_norm",
                "word_break_helper"
            ],
            "filter": [
                "smartcn_stop",
                "icu_normalizer"
            ],
            "tokenizer": "icu_tokenizer",
            "type": "custom"
        },
        "zh_text": {
            "char_filter": [
                "globo_norm",
                "regex_acronym_fixer",
                "regex_camelCase",
                "dotted_I_fix",
                "arabic_extended_norm",
                "stconvertfix",
                "tsconvert"
            ],
            "filter": [
                "smartcn_stop",
                "icu_normalizer"
            ],
            "tokenizer": "smartcn_tokenizer",
            "type": "custom"
        },
        "zh_text_search": {
            "char_filter": [
                "globo_norm",
                "regex_acronym_fixer",
                "regex_camelCase",
                "dotted_I_fix",
                "arabic_extended_norm",
                "stconvertfix",
                "tsconvert"
            ],
            "filter": [
                "smartcn_stop",
                "icu_normalizer"
            ],
            "tokenizer": "smartcn_tokenizer",
            "type": "custom"
        }
    },
    "char_filter": {
        "arabic_extended_norm": {
            "mappings": [
                "\\uFB8E=>\\u0643",
                "\\uFB8F=>\\u0643",
                "\\uFB90=>\\u0643",
                "\\uFB91=>\\u0643",
                "\\u06A9=>\\u0643",
                "\\u06AA=>\\u0643",
                "\\uFEDB=>\\u0643",
                "\\uFEDC=>\\u0643",
                "\\uFED9=>\\u0643",
                "\\uFEDA=>\\u0643",
                "\\uFBFC=>\\u064A",
                "\\uFBFD=>\\u064A",
                "\\uFBFE=>\\u064A",
                "\\uFBFF=>\\u064A",
                "\\u06CC=>\\u064A",
                "\\uFBE8=>\\u064A",
                "\\uFBE9=>\\u064A",
                "\\uFEEF=>\\u064A",
                "\\uFEF0=>\\u064A",
                "\\u0649=>\\u064A",
                "\\u06CD=>\\u064A",
                "\\uFBE4=>\\u064A",
                "\\uFBE5=>\\u064A",
                "\\uFBE6=>\\u064A",
                "\\uFBE7=>\\u064A",
                "\\u06D0=>\\u064A",
                "\\uFBA6=>\\u0647",
                "\\uFBA7=>\\u0647",
                "\\uFBA8=>\\u0647",
                "\\uFBA9=>\\u0647",
                "\\u06C1=>\\u0647",
                "\\u06C0=>\\u0647",
                "\\uFBA4=>\\u0647",
                "\\uFBA5=>\\u0647",
                "\\u06D5=>\\u0647"
            ],
            "type": "mapping"
        },
        "cjk_charfilter": {
            "mappings": [
                "\u309b=>\\u3099",
                "\u309c=>\\u309a"
            ],
            "type": "mapping"
        },
        "dotted_I_fix": {
            "mappings": [
                "\u0130=>I"
            ],
            "type": "mapping"
        },
        "french_charfilter": {
            "mappings": [
                "\\u02BC=>\\u0027"
            ],
            "type": "mapping"
        },
        "german_charfilter": {
            "mappings": [
                "\u1e9e=>\u00df"
            ],
            "type": "mapping"
        },
        "globo_norm": {
            "mappings": [
                "`=>'",
                "\u00b4=>'",
                "\u02b9=>'",
                "\u02bb=>'",
                "\u02bc=>'",
                "\u02bd=>'",
                "\u02be=>'",
                "\u02bf=>'",
                "\u02cb=>'",
                "\u055a=>'",
                "\\u05F3=>'",
                "\u2018=>'",
                "\u2019=>'",
                "\u201b=>'",
                "\u2032=>'",
                "\u2035=>'",
                "\ua78c=>'",
                "\uff07=>'",
                "\uff40=>'",
                "\\u202F=>\\u0020",
                "\u02c8=>",
                "\u02cc=>",
                "\\u0640=>",
                "\u066c=>,",
                "\u060c=>,",
                "\u055b=>",
                "\u055c=>",
                "\u055e=>",
                "\u00b5=>\u03bc",
                "\\u05F0=>\\u05D5\\u05D5",
                "\\u05F1=>\\u05D5\\u05D9",
                "\\u05F2=>\\u05D9\\u05D9",
                "\\uFB1F=>\\u05D9\\u05D9\\u05B7",
                "\\u05D9\\u05B7\\u05D9=>\\u05D9\\u05D9\\u05B7"
            ],
            "type": "mapping"
        },
        "nnbsp_norm": {
            "mappings": [
                "\\u202F=>\\u0020"
            ],
            "type": "mapping"
        },
        "regex_acronym_fixer": {
            "pattern": "(?<=(?:^|\\P{L})\\p{L})[.\uff0e](\\p{L})(?=\\P{L}|$)",
            "replacement": "$1",
            "type": "pattern_replace"
        },
        "regex_camelCase": {
            "pattern": "(\\p{Ll}[\\p{M}\\p{Cf}]*)([\\p{Lu}\\p{Lt}])",
            "replacement": "$1 $2",
            "type": "pattern_replace"
        },
        "stconvertfix": {
            "mappings": [
                "\\u606d\\u5f18=>\\u606d \\u5f18",
                "\\u5138=>\\u3469"
            ],
            "type": "mapping"
        },
        "thai_charfilter": {
            "mappings": [
                "_=>\\u0020",
                ";=>\\u0020",
                ":=>\\u0020",
                "\u00b7=>\\u0020",
                "\u2027=>\\u0020",
                "\u0e03=>\u0e02",
                "\u0e05=>\u0e04",
                "\\u0e4d\\u0e32=>\\u0e33",
                "\\u0e4d\\u0e48\\u0e32=>\\u0e48\\u0e33",
                "\\u0e4d\\u0e49\\u0e32=>\\u0e49\\u0e33",
                "\\u0e33\\u0e48=>\\u0e48\\u0e33",
                "\\u0e33\\u0e49=>\\u0e49\\u0e33",
                "\\u0E34\\u0E4D=>\\u0E36",
                "\\u0E4D\\u0E34=>\\u0E36"
            ],
            "type": "mapping"
        },
        "thai_repl_pat": {
            "pattern": "(?<=\\p{Nd})([\u0e01-\u0e4f])|(?<=[\u0e01-\u0e4f])(\\p{Nd})|(?<=[\u0e01-\u0e4f])\\.([\u0e01-\u0e4f])",
            "replacement": " $1$2$3",
            "type": "pattern_replace"
        },
        "tsconvert": {
            "convert_type": "t2s",
            "delimiter": "#",
            "keep_both": false,
            "type": "stconvert"
        },
        "word_break_helper": {
            "mappings": [
                "_=>\\u0020",
                ":=>\\u0020",
                ".=>\\u0020",
                "(=>\\u0020",
                ")=>\\u0020",
                "\uff0e=>\\u0020",
                "\uff3f=>\\u0020",
                "\uff1a=>\\u0020",
                "\u00b7=>\\u0020"
            ],
            "type": "mapping"
        }
    },
    "filter": {
        "bg_icu_folding": {
            "type": "icu_folding",
            "unicodeSetFilter": "[^\u0419\u0439]"
        },
        "bulgarian_stemmer": {
            "language": "bulgarian",
            "type": "stemmer"
        },
        "bulgarian_stop": {
            "stopwords": "_bulgarian_",
            "type": "stop"
        },
        "cjk_stop": {
            "stopwords": "_english_",
            "type": "stop"
        },
        "custom_stem": {
            "rules": "guidelines => guideline",
            "type": "stemmer_override"
        },
        "czech_stemmer": {
            "language": "czech",
            "type": "stemmer"
        },
        "czech_stop": {
            "stopwords": "_czech_",
            "type": "stop"
        },
        "de_icu_folding": {
            "type": "icu_folding",
            "unicodeSetFilter": "[^\u00c4\u00e4\u00d6\u00f6\u00dc\u00fc\u1e9e\u00df]"
        },
        "de_icu_normalizer": {
            "name": "nfkc_cf",
            "type": "icu_normalizer",
            "unicodeSetFilter": "[^\u1e9e\u00df]"
        },
        "french_elision": {
            "articles": [
                "l",
                "m",
                "t",
                "qu",
                "n",
                "s",
                "j",
                "d",
                "c",
                "jusqu",
                "quoiqu",
                "lorsqu",
                "puisqu"
            ],
            "articles_case": true,
            "type": "elision"
        },
        "french_stemmer": {
            "language": "light_french",
            "type": "stemmer"
        },
        "french_stop": {
            "stopwords": "_french_",
            "type": "stop"
        },
        "german_stemmer": {
            "language": "light_german",
            "type": "stemmer"
        },
        "german_stop": {
            "stopwords": "_german_",
            "type": "stop"
        },
        "icu_folding": {
            "type": "icu_folding"
        },
        "icu_normalizer": {
            "name": "nfkc_cf",
            "type": "icu_normalizer"
        },
        "ja_icu_folding": {
            "type": "icu_folding",
            "unicodeSetFilter": "[^\u304c-\u30fe]"
        },
        "possessive_english": {
            "language": "possessive_english",
            "type": "stemmer"
        },
        "remove_empty": {
            "min": 1,
            "type": "length"
        },
        "smartcn_stop": {
            "stopwords": [
                ","
            ],
            "type": "stop"
        },
        "sv_icu_folding": {
            "type": "icu_folding",
            "unicodeSetFilter": "[^\u00c5\u00e5\u00c4\u00e4\u00d6\u00f6]"
        },
        "swedish_stemmer": {
            "language": "swedish",
            "type": "stemmer"
        },
        "swedish_stop": {
            "stopwords": "_swedish_",
            "type": "stop"
        },
        "th_icu_folding": {
            "type": "icu_folding",
            "unicodeSetFilter": "[^\\u0E47-\\u0E4E]"
        },
        "thai_stop": {
            "stopwords": "_thai_",
            "type": "stop"
        }
    },
    "tokenizer": []
}