[
    {
        "channel": "CirrusSearchRequests",
        "context": {
            "elasticTookMs": 0,
            "executor": "123456789",
            "hitsOffset": 0,
            "hitsReturned": 0,
            "hitsTotal": 0,
            "identity": "2c33c9c64851a02e2ba8143c6550a3b8",
            "index": "wiki",
            "limit": 21,
            "query": "intitle:main",
            "queryType": "full_text",
            "source": "cli",
            "suggestionRequested": false,
            "syntax": [
                "full_text",
                "full_text_querystring",
                "complex_query",
                "intitle"
            ],
            "tookMs": 0
        },
        "level": "debug",
        "message": "{queryType} search for '{query}' against {index} took {tookMs} millis and {elasticTookMs} Elasticsearch millis. Found {hitsTotal} total results and returned {hitsReturned} of them starting at {hitsOffset}. Requested via {source} for {identity} by executor {executor}"
    }
]